2026-08-07 20:36:07,293 [INFO] Starting classification on 5 domains.
2026-08-07 20:36:28,622 [INFO] Classification finished. Saved results to F:\projects\gamblingwebfind\data\classified_domains.csv
2026-08-07 20:36:28,623 [INFO] Starting IP resolution for 0 domains.
2026-08-07 20:36:28,625 [INFO] IP Resolution finished. Saved 0 records.
2026-08-07 20:36:28,625 [INFO] Starting enrichment for 0 domains.
2026-08-07 20:36:28,627 [INFO] Enrichment finished. Saved 0 records.
2026-08-07 20:38:27,023 [INFO] Starting classification on 5 domains.
2026-08-07 20:38:49,425 [INFO] Classification finished. Saved results to F:\projects\gamblingwebfind\data\classified_domains.csv
2026-08-07 20:38:49,425 [INFO] Starting IP resolution for 3 domains.
2026-08-07 20:38:56,121 [INFO] IP Resolution finished. Saved 3 records.
2026-08-07 20:38:56,122 [INFO] Starting enrichment for 3 domains.
2026-08-07 20:39:26,772 [INFO] Enrichment finished. Saved 3 records.
2026-08-07 21:06:30,620 [INFO] Starting discovery phase across 15 keywords.
2026-08-07 21:06:30,681 [WARNING] SearXNG returned HTTP 403 for query 'online gambling'
2026-08-07 21:06:30,698 [WARNING] SearXNG returned HTTP 403 for query 'online casino'
2026-08-07 21:06:30,714 [WARNING] SearXNG returned HTTP 403 for query 'sports betting'
2026-08-07 21:06:30,733 [WARNING] SearXNG returned HTTP 403 for query 'slot machine online'
2026-08-07 21:06:30,748 [WARNING] SearXNG returned HTTP 403 for query 'online poker real money'
2026-08-07 21:06:30,766 [WARNING] SearXNG returned HTTP 403 for query 'satta matka'
2026-08-07 21:06:30,782 [WARNING] SearXNG returned HTTP 403 for query 'teen patti online'
2026-08-07 21:06:30,819 [WARNING] SearXNG returned HTTP 403 for query 'IPL betting'
2026-08-07 21:06:30,835 [WARNING] SearXNG returned HTTP 403 for query 'color prediction game'
2026-08-07 21:06:30,850 [WARNING] SearXNG returned HTTP 403 for query 'andar bahar real cash'
2026-08-07 21:06:30,866 [WARNING] SearXNG returned HTTP 403 for query 'online rummy cash game'
2026-08-07 21:06:30,880 [WARNING] SearXNG returned HTTP 403 for query 'live casino login'
2026-08-07 21:06:30,911 [WARNING] SearXNG returned HTTP 403 for query 'betting ID online'
2026-08-07 21:06:30,925 [WARNING] SearXNG returned HTTP 403 for query 'casino deposit bonus'
2026-08-07 21:06:30,937 [WARNING] SearXNG returned HTTP 403 for query 'crypto gambling'
2026-08-07 21:06:30,940 [INFO] Discovery complete. Added 0 records to F:\projects\gamblingwebfind\data\discovered_domains.csv
2026-08-07 21:06:30,941 [INFO] Starting classification on 0 domains.
2026-08-07 21:06:30,944 [INFO] Classification finished. Saved results to F:\projects\gamblingwebfind\data\classified_domains.csv
2026-08-07 21:06:30,944 [INFO] Starting IP resolution for 0 domains.
2026-08-07 21:06:30,945 [INFO] IP Resolution finished. Saved 0 records.
2026-08-07 21:06:30,946 [INFO] Starting enrichment for 0 domains.
2026-08-07 21:06:30,946 [INFO] Enrichment finished. Saved 0 records.
2026-08-07 21:06:30,948 [INFO] Starting screenshot capture for 0 domains.
2026-08-07 21:06:30,948 [INFO] Screenshot capture finished. 0/0 successful.
2026-08-07 21:11:15,251 [INFO] Starting discovery phase across 15 keywords.
2026-08-07 21:11:15,313 [WARNING] SearXNG returned HTTP 403 for query 'online gambling'
2026-08-07 21:11:18,333 [WARNING] SearXNG returned HTTP 403 for query 'online casino'
2026-08-07 21:11:20,648 [WARNING] SearXNG returned HTTP 403 for query 'sports betting'
2026-08-07 21:11:23,446 [WARNING] SearXNG returned HTTP 403 for query 'slot machine online'
2026-08-07 21:11:26,402 [WARNING] SearXNG returned HTTP 403 for query 'online poker real money'
2026-08-07 21:11:28,012 [WARNING] SearXNG returned HTTP 403 for query 'satta matka'
2026-08-07 21:11:29,101 [WARNING] SearXNG returned HTTP 403 for query 'teen patti online'
2026-08-07 21:11:30,040 [WARNING] SearXNG returned HTTP 403 for query 'IPL betting'
2026-08-07 21:11:31,123 [WARNING] SearXNG returned HTTP 403 for query 'color prediction game'
2026-08-07 21:11:31,994 [WARNING] SearXNG returned HTTP 403 for query 'andar bahar real cash'
2026-08-07 21:11:32,767 [WARNING] SearXNG returned HTTP 403 for query 'online rummy cash game'
2026-08-07 21:11:33,606 [WARNING] SearXNG returned HTTP 403 for query 'live casino login'
2026-08-07 21:11:34,391 [WARNING] SearXNG returned HTTP 403 for query 'betting ID online'
2026-08-07 21:11:35,193 [WARNING] SearXNG returned HTTP 403 for query 'casino deposit bonus'
2026-08-07 21:11:36,192 [WARNING] SearXNG returned HTTP 403 for query 'crypto gambling'
2026-08-07 21:11:37,095 [INFO] Discovery complete. Added 16 records to F:\projects\gamblingwebfind\data\discovered_domains.csv
2026-08-07 21:25:02,025 [INFO] Starting discovery phase across 15 keywords.
2026-08-07 21:25:02,095 [WARNING] SearXNG returned HTTP 403 for query 'online gambling'
2026-08-07 21:25:03,308 [WARNING] SearXNG returned HTTP 403 for query 'online casino'
2026-08-07 21:25:04,238 [WARNING] SearXNG returned HTTP 403 for query 'sports betting'
2026-08-07 21:25:06,118 [WARNING] SearXNG returned HTTP 403 for query 'slot machine online'
2026-08-07 21:25:06,961 [WARNING] SearXNG returned HTTP 403 for query 'online poker real money'
2026-08-07 21:25:07,735 [WARNING] SearXNG returned HTTP 403 for query 'satta matka'
2026-08-07 21:25:08,509 [WARNING] SearXNG returned HTTP 403 for query 'teen patti online'
2026-08-07 21:25:09,410 [WARNING] SearXNG returned HTTP 403 for query 'IPL betting'
2026-08-07 21:25:10,177 [WARNING] SearXNG returned HTTP 403 for query 'color prediction game'
2026-08-07 21:25:10,892 [WARNING] SearXNG returned HTTP 403 for query 'andar bahar real cash'
2026-08-07 21:25:11,671 [WARNING] SearXNG returned HTTP 403 for query 'online rummy cash game'
2026-08-07 21:25:12,457 [WARNING] SearXNG returned HTTP 403 for query 'live casino login'
2026-08-07 21:25:13,346 [WARNING] SearXNG returned HTTP 403 for query 'betting ID online'
2026-08-07 21:25:14,405 [WARNING] SearXNG returned HTTP 403 for query 'casino deposit bonus'
2026-08-07 21:25:16,163 [WARNING] SearXNG returned HTTP 403 for query 'crypto gambling'
2026-08-07 21:25:17,274 [INFO] Discovery complete. Added 0 records to F:\projects\gamblingwebfind\data\discovered_domains.csv
2026-08-07 21:25:17,276 [INFO] Starting classification on 16 domains.
2026-08-07 21:25:40,580 [INFO] Classification finished. Saved results to F:\projects\gamblingwebfind\data\classified_domains.csv
2026-08-07 21:25:40,580 [INFO] Starting IP resolution for 5 domains.
2026-08-07 21:25:46,297 [INFO] IP Resolution finished. Saved 5 records.
2026-08-07 21:25:46,298 [INFO] Starting enrichment for 5 domains.
2026-08-07 21:26:14,274 [INFO] Enrichment finished. Saved 5 records.
2026-08-07 21:26:14,275 [INFO] Starting screenshot capture for 2 domains.
2026-08-07 21:26:58,060 [INFO] Screenshot capture finished. 2/2 successful.
